Archive member included to satisfy reference by file (symbol)

/usr/share/gcc-arm-none-eabi-13.2.rel1/bin/../lib/gcc/arm-none-eabi/13.2.1/../../../../arm-none-eabi/lib/thumb/v8-m.main+fp/hard/libc_nano.a(libc_a-exit.o)
                              /usr/share/gcc-arm-none-eabi-13.2.rel1/bin/../lib/gcc/arm-none-eabi/13.2.1/../../../../arm-none-eabi/lib/thumb/v8-m.main+fp/hard/crt0.o (exit)
/usr/share/gcc-arm-none-eabi-13.2.rel1/bin/../lib/gcc/arm-none-eabi/13.2.1/../../../../arm-none-eabi/lib/thumb/v8-m.main+fp/hard/libc_nano.a(libc_a-init.o)
                              /usr/share/gcc-arm-none-eabi-13.2.rel1/bin/../lib/gcc/arm-none-eabi/13.2.1/../../../../arm-none-eabi/lib/thumb/v8-m.main+fp/hard/crt0.o (__libc_init_array)
/usr/share/gcc-arm-none-eabi-13.2.rel1/bin/../lib/gcc/arm-none-eabi/13.2.1/../../../../arm-none-eabi/lib/thumb/v8-m.main+fp/hard/libc_nano.a(libc_a-findfp.o)
                              /usr/share/gcc-arm-none-eabi-13.2.rel1/bin/../lib/gcc/arm-none-eabi/13.2.1/../../../../arm-none-eabi/lib/thumb/v8-m.main+fp/hard/libc_nano.a(libc_a-exit.o) (__stdio_exit_handler)
/usr/share/gcc-arm-none-eabi-13.2.rel1/bin/../lib/gcc/arm-none-eabi/13.2.1/../../../../arm-none-eabi/lib/thumb/v8-m.main+fp/hard/libc_nano.a(libc_a-stdio.o)
                              /usr/share/gcc-arm-none-eabi-13.2.rel1/bin/../lib/gcc/arm-none-eabi/13.2.1/../../../../arm-none-eabi/lib/thumb/v8-m.main+fp/hard/libc_nano.a(libc_a-findfp.o) (__sread)
/usr/share/gcc-arm-none-eabi-13.2.rel1/bin/../lib/gcc/arm-none-eabi/13.2.1/../../../../arm-none-eabi/lib/thumb/v8-m.main+fp/hard/libc_nano.a(libc_a-readr.o)
                              /usr/share/gcc-arm-none-eabi-13.2.rel1/bin/../lib/gcc/arm-none-eabi/13.2.1/../../../../arm-none-eabi/lib/thumb/v8-m.main+fp/hard/libc_nano.a(libc_a-stdio.o) (_read_r)
/usr/share/gcc-arm-none-eabi-13.2.rel1/bin/../lib/gcc/arm-none-eabi/13.2.1/../../../../arm-none-eabi/lib/thumb/v8-m.main+fp/hard/libc_nano.a(libc_a-writer.o)
                              /usr/share/gcc-arm-none-eabi-13.2.rel1/bin/../lib/gcc/arm-none-eabi/13.2.1/../../../../arm-none-eabi/lib/thumb/v8-m.main+fp/hard/libc_nano.a(libc_a-stdio.o) (_write_r)
/usr/share/gcc-arm-none-eabi-13.2.rel1/bin/../lib/gcc/arm-none-eabi/13.2.1/../../../../arm-none-eabi/lib/thumb/v8-m.main+fp/hard/libc_nano.a(libc_a-fwalk.o)
                              /usr/share/gcc-arm-none-eabi-13.2.rel1/bin/../lib/gcc/arm-none-eabi/13.2.1/../../../../arm-none-eabi/lib/thumb/v8-m.main+fp/hard/libc_nano.a(libc_a-findfp.o) (_fwalk_sglue)
/usr/share/gcc-arm-none-eabi-13.2.rel1/bin/../lib/gcc/arm-none-eabi/13.2.1/../../../../arm-none-eabi/lib/thumb/v8-m.main+fp/hard/libc_nano.a(libc_a-memset.o)
                              /usr/share/gcc-arm-none-eabi-13.2.rel1/bin/../lib/gcc/arm-none-eabi/13.2.1/../../../../arm-none-eabi/lib/thumb/v8-m.main+fp/hard/crt0.o (memset)
/usr/share/gcc-arm-none-eabi-13.2.rel1/bin/../lib/gcc/arm-none-eabi/13.2.1/../../../../arm-none-eabi/lib/thumb/v8-m.main+fp/hard/libc_nano.a(libc_a-lock.o)
                              /usr/share/gcc-arm-none-eabi-13.2.rel1/bin/../lib/gcc/arm-none-eabi/13.2.1/../../../../arm-none-eabi/lib/thumb/v8-m.main+fp/hard/libc_nano.a(libc_a-findfp.o) (__retarget_lock_init_recursive)
/usr/share/gcc-arm-none-eabi-13.2.rel1/bin/../lib/gcc/arm-none-eabi/13.2.1/../../../../arm-none-eabi/lib/thumb/v8-m.main+fp/hard/libc_nano.a(libc_a-closer.o)
                              /usr/share/gcc-arm-none-eabi-13.2.rel1/bin/../lib/gcc/arm-none-eabi/13.2.1/../../../../arm-none-eabi/lib/thumb/v8-m.main+fp/hard/libc_nano.a(libc_a-stdio.o) (_close_r)
/usr/share/gcc-arm-none-eabi-13.2.rel1/bin/../lib/gcc/arm-none-eabi/13.2.1/../../../../arm-none-eabi/lib/thumb/v8-m.main+fp/hard/libc_nano.a(libc_a-reent.o)
                              /usr/share/gcc-arm-none-eabi-13.2.rel1/bin/../lib/gcc/arm-none-eabi/13.2.1/../../../../arm-none-eabi/lib/thumb/v8-m.main+fp/hard/libc_nano.a(libc_a-readr.o) (errno)
/usr/share/gcc-arm-none-eabi-13.2.rel1/bin/../lib/gcc/arm-none-eabi/13.2.1/../../../../arm-none-eabi/lib/thumb/v8-m.main+fp/hard/libc_nano.a(libc_a-impure.o)
                              /usr/share/gcc-arm-none-eabi-13.2.rel1/bin/../lib/gcc/arm-none-eabi/13.2.1/../../../../arm-none-eabi/lib/thumb/v8-m.main+fp/hard/libc_nano.a(libc_a-reent.o) (_impure_ptr)
/usr/share/gcc-arm-none-eabi-13.2.rel1/bin/../lib/gcc/arm-none-eabi/13.2.1/../../../../arm-none-eabi/lib/thumb/v8-m.main+fp/hard/libc_nano.a(libc_a-fflush.o)
                              /usr/share/gcc-arm-none-eabi-13.2.rel1/bin/../lib/gcc/arm-none-eabi/13.2.1/../../../../arm-none-eabi/lib/thumb/v8-m.main+fp/hard/libc_nano.a(libc_a-findfp.o) (_fflush_r)
/usr/share/gcc-arm-none-eabi-13.2.rel1/bin/../lib/gcc/arm-none-eabi/13.2.1/../../../../arm-none-eabi/lib/thumb/v8-m.main+fp/hard/libc_nano.a(libc_a-mallocr.o)
[...]
Memory Configuration

Name             Origin             Length             Attributes
RAM              0x20000000         0x000c0000         xrw
ROM              0x08000000         0x00200000         xr
SRAM4            0x28000000         0x00004000         xrw
*default*        0x00000000         0xffffffff

Linker script and memory map

LOAD /usr/share/gcc-arm-none-eabi-13.2.rel1/bin/../lib/gcc/arm-none-eabi/13.2.1/thumb/v8-m.main+fp/hard/crti.o
LOAD /usr/share/gcc-arm-none-eabi-13.2.rel1/bin/../lib/gcc/arm-none-eabi/13.2.1/thumb/v8-m.main+fp/hard/crtbegin.o
LOAD /usr/share/gcc-arm-none-eabi-13.2.rel1/bin/../lib/gcc/arm-none-eabi/13.2.1/../../../../arm-none-eabi/lib/thumb/v8-m.main+fp/hard/crt0.o
START GROUP
LOAD /usr/share/gcc-arm-none-eabi-13.2.rel1/bin/../lib/gcc/arm-none-eabi/13.2.1/../../../../arm-none-eabi/lib/thumb/v8-m.main+fp/hard/libc_nano.a
LOAD /usr/share/gcc-arm-none-eabi-13.2.rel1/bin/../lib/gcc/arm-none-eabi/13.2.1/../../../../arm-none-eabi/lib/thumb/v8-m.main+fp/hard/libm.a
END GROUP
LOAD cmake/stm32cubemx/CMakeFiles/STM32_Drivers.dir/__/__/Core/Src/system_stm32u5xx.c.obj
LOAD cmake/stm32cubemx/CMakeFiles/STM32_Drivers.dir/__/__/Drivers/STM32U5xx_HAL_Driver/Src/stm32u5xx_hal_cortex.c.obj
LOAD cmake/stm32cubemx/CMakeFiles/STM32_Drivers.dir/__/__/Drivers/STM32U5xx_HAL_Driver/Src/stm32u5xx_hal.c.obj
LOAD cmake/stm32cubemx/CMakeFiles/STM32_Drivers.dir/__/__/Drivers/STM32U5xx_HAL_Driver/Src/stm32u5xx_hal_i2c.c.obj
LOAD cmake/stm32cubemx/CMakeFiles/STM32_Drivers.dir/__/__/Drivers/STM32U5xx_HAL_Driver/Src/stm32u5xx_hal_i2c_ex.c.obj
LOAD cmake/stm32cubemx/CMakeFiles/STM32_Drivers.dir/__/__/Drivers/STM32U5xx_HAL_Driver/Src/stm32u5xx_hal_rcc.c.obj
LOAD cmake/stm32cubemx/CMakeFiles/STM32_Drivers.dir/__/__/Drivers/STM32U5xx_HAL_Driver/Src/stm32u5xx_hal_rcc_ex.c.obj
LOAD cmake/stm32cubemx/CMakeFiles/STM32_Drivers.dir/__/__/Drivers/STM32U5xx_HAL_Driver/Src/stm32u5xx_hal_flash.c.obj
LOAD cmake/stm32cubemx/CMakeFiles/STM32_Drivers.dir/__/__/Drivers/STM32U5xx_HAL_Driver/Src/stm32u5xx_hal_flash_ex.c.obj
LOAD cmake/stm32cubemx/CMakeFiles/STM32_Drivers.dir/__/__/Drivers/STM32U5xx_HAL_Driver/Src/stm32u5xx_hal_gpio.c.obj
LOAD cmake/stm32cubemx/CMakeFiles/STM32_Drivers.dir/__/__/Drivers/STM32U5xx_HAL_Driver/Src/stm32u5xx_hal_dma.c.obj
LOAD cmake/stm32cubemx/CMakeFiles/STM32_Drivers.dir/__/__/Drivers/STM32U5xx_HAL_Driver/Src/stm32u5xx_hal_dma_ex.c.obj
LOAD cmake/stm32cubemx/CMakeFiles/STM32_Drivers.dir/__/__/Drivers/STM32U5xx_HAL_Driver/Src/stm32u5xx_hal_exti.c.obj
LOAD cmake/stm32cubemx/CMakeFiles/STM32_Drivers.dir/__/__/Drivers/STM32U5xx_HAL_Driver/Src/stm32u5xx_hal_pwr.c.obj
LOAD cmake/stm32cubemx/CMakeFiles/STM32_Drivers.dir/__/__/Drivers/STM32U5xx_HAL_Driver/Src/stm32u5xx_hal_pwr_ex.c.obj
LOAD cmake/stm32cubemx/CMakeFiles/STM32_Drivers.dir/__/__/Drivers/STM32U5xx_HAL_Driver/Src/stm32u5xx_hal_gtzc.c.obj
LOAD cmake/stm32cubemx/CMakeFiles/STM32_Drivers.dir/__/__/Drivers/STM32U5xx_HAL_Driver/Src/stm32u5xx_hal_icache.c.obj
LOAD CMakeFiles/test_04-04-2025.dir/Core/Src/main.c.obj
LOAD CMakeFiles/test_04-04-2025.dir/Core/Src/stm32u5xx_it.c.obj
LOAD CMakeFiles/test_04-04-2025.dir/Core/Src/stm32u5xx_hal_msp.c.obj
LOAD CMakeFiles/test_04-04-2025.dir/Core/Src/sysmem.c.obj
LOAD CMakeFiles/test_04-04-2025.dir/Core/Src/syscalls.c.obj
LOAD CMakeFiles/test_04-04-2025.dir/startup_stm32u575xx.s.obj
START GROUP
LOAD /usr/share/gcc-arm-none-eabi-13.2.rel1/bin/../lib/gcc/arm-none-eabi/13.2.1/thumb/v8-m.main+fp/hard/libgcc.a
LOAD /usr/share/gcc-arm-none-eabi-13.2.rel1/bin/../lib/gcc/arm-none-eabi/13.2.1/../../../../arm-none-eabi/lib/thumb/v8-m.main+fp/hard/libg_nano.a
LOAD /usr/share/gcc-arm-none-eabi-13.2.rel1/bin/../lib/gcc/arm-none-eabi/13.2.1/../../../../arm-none-eabi/lib/thumb/v8-m.main+fp/hard/libc_nano.a
END GROUP
START GROUP
LOAD /usr/share/gcc-arm-none-eabi-13.2.rel1/bin/../lib/gcc/arm-none-eabi/13.2.1/thumb/v8-m.main+fp/hard/libgcc.a
LOAD /usr/share/gcc-arm-none-eabi-13.2.rel1/bin/../lib/gcc/arm-none-eabi/13.2.1/../../../../arm-none-eabi/lib/thumb/v8-m.main+fp/hard/libc_nano.a
END GROUP
LOAD /usr/share/gcc-arm-none-eabi-13.2.rel1/bin/../lib/gcc/arm-none-eabi/13.2.1/thumb/v8-m.main+fp/hard/crtend.o
LOAD /usr/share/gcc-arm-none-eabi-13.2.rel1/bin/../lib/gcc/arm-none-eabi/13.2.1/thumb/v8-m.main+fp/hard/crtn.o
                0x200c0000                        _estack = (ORIGIN (RAM) + LENGTH (RAM))
                0x00000200                        _Min_Heap_Size = 0x200
                0x00000400                        _Min_Stack_Size = 0x400

.isr_vector     0x08000000      0x238
                0x08000000                        . = ALIGN (0x8)
 *(.isr_vector)
 .isr_vector    0x08000000      0x238 CMakeFiles/test_04-04-2025.dir/startup_stm32u575xx.s.obj
                0x08000000                g_pfnVectors
                0x08000238                        . = ALIGN (0x8)

.text           0x08000238     0x2258
                0x08000238                        . = ALIGN (0x8)
 *(.text)
 *(.text*)
 .text.deregister_tm_clones
                0x08000238       0x1c /usr/share/gcc-arm-none-eabi-13.2.rel1/bin/../lib/gcc/arm-none-eabi/13.2.1/thumb/v8-m.main+fp/hard/crtbegin.o
 .text.register_tm_clones
                0x08000254       0x28 /usr/share/gcc-arm-none-eabi-13.2.rel1/bin/../lib/gcc/arm-none-eabi/13.2.1/thumb/v8-m.main+fp/hard/crtbegin.o
 .text.__do_global_dtors_aux
                0x0800027c       0x28 /usr/share/gcc-arm-none-eabi-13.2.rel1/bin/../lib/gcc/arm-none-eabi/13.2.1/thumb/v8-m.main+fp/hard/crtbegin.o
 .text.frame_dummy
                0x080002a4       0x24 /usr/share/gcc-arm-none-eabi-13.2.rel1/bin/../lib/gcc/arm-none-eabi/13.2.1/thumb/v8-m.main+fp/hard/crtbegin.o
 .text.__libc_init_array
                0x080002c8       0x48 /usr/share/gcc-arm-none-eabi-13.2.rel1/bin/../lib/gcc/arm-none-eabi/13.2.1/../../../../arm-none-eabi/lib/thumb/v8-m.main+fp/hard/libc_nano.a(libc_a-init.o)
                0x080002c8                __libc_init_array
 .text.memset   0x08000310       0x10 /usr/share/gcc-arm-none-eabi-13.2.rel1/bin/../lib/gcc/arm-none-eabi/13.2.1/../../../../arm-none-eabi/lib/thumb/v8-m.main+fp/hard/libc_nano.a(libc_a-memset.o)
                0x08000310                memset
 .text.SystemInit
                0x08000320       0x70 cmake/stm32cubemx/CMakeFiles/STM32_Drivers.dir/__/__/Core/Src/system_stm32u5xx.c.obj
                0x08000320                SystemInit
 .text.__NVIC_SetPriorityGrouping
                0x08000390       0x48 cmake/stm32cubemx/CMakeFiles/STM32_Drivers.dir/__/__/Drivers/STM32U5xx_HAL_Driver/Src/stm32u5xx_hal_cortex.c.obj
 .text.__NVIC_GetPriorityGrouping
                0x080003d8       0x1c cmake/stm32cubemx/CMakeFiles/STM32_Drivers.dir/__/__/Drivers/STM32U5xx_HAL_Driver/Src/stm32u5xx_hal_cortex.c.obj
 .text.__NVIC_SetPriority
                0x080003f4       0x54 cmake/stm32cubemx/CMakeFiles/STM32_Drivers.dir/__/__/Drivers/STM32U5xx_HAL_Driver/Src/stm32u5xx_hal_cortex.c.obj
 .text.NVIC_EncodePriority
                0x08000448       0x66 cmake/stm32cubemx/CMakeFiles/STM32_Drivers.dir/__/__/Drivers/STM32U5xx_HAL_Driver/Src/stm32u5xx_hal_cortex.c.obj
 .text.HAL_NVIC_SetPriorityGrouping
                0x080004ae       0x16 cmake/stm32cubemx/CMakeFiles/STM32_Drivers.dir/__/__/Drivers/STM32U5xx_HAL_Driver/Src/stm32u5xx_hal_cortex.c.obj
                0x080004ae                HAL_NVIC_SetPriorityGrouping
 .text.HAL_NVIC_SetPriority
                0x080004c4       0x34 cmake/stm32cubemx/CMakeFiles/STM32_Drivers.dir/__/__/Drivers/STM32U5xx_HAL_Driver/Src/stm32u5xx_hal_cortex.c.obj
                0x080004c4                HAL_NVIC_SetPriority
 .text.HAL_SYSTICK_Config
                0x080004f8       0x44 cmake/stm32cubemx/CMakeFiles/STM32_Drivers.dir/__/__/Drivers/STM32U5xx_HAL_Driver/Src/stm32u5xx_hal_cortex.c.obj
                0x080004f8                HAL_SYSTICK_Config
 .text.HAL_SYSTICK_CLKSourceConfig
                0x0800053c       0xb0 cmake/stm32cubemx/CMakeFiles/STM32_Drivers.dir/__/__/Drivers/STM32U5xx_HAL_Driver/Src/stm32u5xx_hal_cortex.c.obj
                0x0800053c                HAL_SYSTICK_CLKSourceConfig
 .text.HAL_SYSTICK_GetCLKSourceConfig
                0x080005ec       0x74 cmake/stm32cubemx/CMakeFiles/STM32_Drivers.dir/__/__/Drivers/STM32U5xx_HAL_Driver/Src/stm32u5xx_hal_cortex.c.obj
                0x080005ec                HAL_SYSTICK_GetCLKSourceConfig
 .text.HAL_Init
                0x08000660       0x60 cmake/stm32cubemx/CMakeFiles/STM32_Drivers.dir/__/__/Drivers/STM32U5xx_HAL_Driver/Src/stm32u5xx_hal.c.obj
                0x08000660                HAL_Init
 .text.HAL_InitTick
                0x080006c0       0xec cmake/stm32cubemx/CMakeFiles/STM32_Drivers.dir/__/__/Drivers/STM32U5xx_HAL_Driver/Src/stm32u5xx_hal.c.obj
                0x080006c0                HAL_InitTick
 .text.HAL_IncTick
                0x080007ac       0x28 cmake/stm32cubemx/CMakeFiles/STM32_Drivers.dir/__/__/Drivers/STM32U5xx_HAL_Driver/Src/stm32u5xx_hal.c.obj
                0x080007ac                HAL_IncTick
 .text.HAL_GetTick
                0x080007d4       0x18 cmake/stm32cubemx/CMakeFiles/STM32_Drivers.dir/__/__/Drivers/STM32U5xx_HAL_Driver/Src/stm32u5xx_hal.c.obj
                0x080007d4                HAL_GetTick
 .text.HAL_Delay
                0x080007ec       0x48 cmake/stm32cubemx/CMakeFiles/STM32_Drivers.dir/__/__/Drivers/STM32U5xx_HAL_Driver/Src/stm32u5xx_hal.c.obj
                0x080007ec                HAL_Delay
 .text.HAL_RCC_OscConfig
                0x08000834      0xdb8 cmake/stm32cubemx/CMakeFiles/STM32_Drivers.dir/__/__/Drivers/STM32U5xx_HAL_Driver/Src/stm32u5xx_hal_rcc.c.obj
                0x08000834                HAL_RCC_OscConfig
 .text.HAL_RCC_ClockConfig
                0x080015ec      0x3e4 cmake/stm32cubemx/CMakeFiles/STM32_Drivers.dir/__/__/Drivers/STM32U5xx_HAL_Driver/Src/stm32u5xx_hal_rcc.c.obj
                0x080015ec                HAL_RCC_ClockConfig
 .text.HAL_RCC_GetSysClockFreq
                0x080019d0      0x204 cmake/stm32cubemx/CMakeFiles/STM32_Drivers.dir/__/__/Drivers/STM32U5xx_HAL_Driver/Src/stm32u5xx_hal_rcc.c.obj
                0x080019d0                HAL_RCC_GetSysClockFreq
 .text.HAL_RCC_GetHCLKFreq
                0x08001bd4       0x34 cmake/stm32cubemx/CMakeFiles/STM32_Drivers.dir/__/__/Drivers/STM32U5xx_HAL_Driver/Src/stm32u5xx_hal_rcc.c.obj
                0x08001bd4                HAL_RCC_GetHCLKFreq
 .text.RCC_SetFlashLatencyFromMSIRange
                0x08001c08      0x10c cmake/stm32cubemx/CMakeFiles/STM32_Drivers.dir/__/__/Drivers/STM32U5xx_HAL_Driver/Src/stm32u5xx_hal_rcc.c.obj
 .text.HAL_GPIO_Init
                0x08001d14      0x3b0 cmake/stm32cubemx/CMakeFiles/STM32_Drivers.dir/__/__/Drivers/STM32U5xx_HAL_Driver/Src/stm32u5xx_hal_gpio.c.obj
                0x08001d14                HAL_GPIO_Init
 .text.HAL_GPIO_WritePin
                0x080020c4       0x30 cmake/stm32cubemx/CMakeFiles/STM32_Drivers.dir/__/__/Drivers/STM32U5xx_HAL_Driver/Src/stm32u5xx_hal_gpio.c.obj
                0x080020c4                HAL_GPIO_WritePin
 .text.HAL_PWREx_ControlVoltageScaling
                0x080020f4       0xfc cmake/stm32cubemx/CMakeFiles/STM32_Drivers.dir/__/__/Drivers/STM32U5xx_HAL_Driver/Src/stm32u5xx_hal_pwr_ex.c.obj
                0x080020f4                HAL_PWREx_ControlVoltageScaling
 .text.HAL_PWREx_GetVoltageRange
                0x080021f0       0x1c cmake/stm32cubemx/CMakeFiles/STM32_Drivers.dir/__/__/Drivers/STM32U5xx_HAL_Driver/Src/stm32u5xx_hal_pwr_ex.c.obj
                0x080021f0                HAL_PWREx_GetVoltageRange
 .text.HAL_PWREx_EnableVddIO2
                0x0800220c       0x20 cmake/stm32cubemx/CMakeFiles/STM32_Drivers.dir/__/__/Drivers/STM32U5xx_HAL_Driver/Src/stm32u5xx_hal_pwr_ex.c.obj
                0x0800220c                HAL_PWREx_EnableVddIO2
 .text.main     0x0800222c       0x3c CMakeFiles/test_04-04-2025.dir/Core/Src/main.c.obj
                0x0800222c                main
 .text.SystemClock_Config
                0x08002268       0xb4 CMakeFiles/test_04-04-2025.dir/Core/Src/main.c.obj
                0x08002268                SystemClock_Config
 .text.MX_GPIO_Init
                0x0800231c       0x68 CMakeFiles/test_04-04-2025.dir/Core/Src/main.c.obj
 .text.Error_Handler
                0x08002384        0xc CMakeFiles/test_04-04-2025.dir/Core/Src/main.c.obj
                0x08002384                Error_Handler
 .text.NMI_Handler
                0x08002390        0x8 CMakeFiles/test_04-04-2025.dir/Core/Src/stm32u5xx_it.c.obj
                0x08002390                NMI_Handler
 .text.HardFault_Handler
                0x08002398        0x8 CMakeFiles/test_04-04-2025.dir/Core/Src/stm32u5xx_it.c.obj
                0x08002398                HardFault_Handler
 .text.MemManage_Handler
                0x080023a0        0x8 CMakeFiles/test_04-04-2025.dir/Core/Src/stm32u5xx_it.c.obj
                0x080023a0                MemManage_Handler
 .text.BusFault_Handler
                0x080023a8        0x8 CMakeFiles/test_04-04-2025.dir/Core/Src/stm32u5xx_it.c.obj
                0x080023a8                BusFault_Handler
 .text.UsageFault_Handler
                0x080023b0        0x8 CMakeFiles/test_04-04-2025.dir/Core/Src/stm32u5xx_it.c.obj
                0x080023b0                UsageFault_Handler
 .text.SVC_Handler
                0x080023b8        0xe CMakeFiles/test_04-04-2025.dir/Core/Src/stm32u5xx_it.c.obj
                0x080023b8                SVC_Handler
 .text.DebugMon_Handler
                0x080023c6        0xe CMakeFiles/test_04-04-2025.dir/Core/Src/stm32u5xx_it.c.obj
                0x080023c6                DebugMon_Handler
 .text.PendSV_Handler
                0x080023d4        0xe CMakeFiles/test_04-04-2025.dir/Core/Src/stm32u5xx_it.c.obj
                0x080023d4                PendSV_Handler
 .text.SysTick_Handler
                0x080023e2        0xc CMakeFiles/test_04-04-2025.dir/Core/Src/stm32u5xx_it.c.obj
                0x080023e2                SysTick_Handler
 *fill*         0x080023ee        0x2 
 .text.HAL_MspInit
                0x080023f0       0x34 CMakeFiles/test_04-04-2025.dir/Core/Src/stm32u5xx_hal_msp.c.obj
                0x080023f0                HAL_MspInit
 .text.Reset_Handler
                0x08002424       0x50 CMakeFiles/test_04-04-2025.dir/startup_stm32u575xx.s.obj
                0x08002424                Reset_Handler
 .text.Default_Handler
                0x08002474        0x2 CMakeFiles/test_04-04-2025.dir/startup_stm32u575xx.s.obj
                0x08002474                EXTI2_IRQHandler
                0x08002474                TIM8_TRG_COM_IRQHandler
                0x08002474                TIM8_CC_IRQHandler
                0x08002474                EXTI5_IRQHandler
                0x08002474                FLASH_S_IRQHandler
                0x08002474                EXTI13_IRQHandler
                0x08002474                TIM1_CC_IRQHandler
                0x08002474                TSC_IRQHandler
                0x08002474                TAMP_IRQHandler
                0x08002474                TIM6_IRQHandler
                0x08002474                EXTI12_IRQHandler
                0x08002474                CORDIC_IRQHandler
                0x08002474                EXTI3_IRQHandler
                0x08002474                LPTIM4_IRQHandler
                0x08002474                GPDMA1_Channel5_IRQHandler
                0x08002474                EXTI8_IRQHandler
                0x08002474                LPTIM2_IRQHandler
                0x08002474                I2C3_ER_IRQHandler
                0x08002474                PWR_S3WU_IRQHandler
                0x08002474                MDF1_FLT2_IRQHandler
                0x08002474                LPDMA1_Channel3_IRQHandler
                0x08002474                LPTIM3_IRQHandler
                0x08002474                EXTI0_IRQHandler
                0x08002474                I2C2_EV_IRQHandler
                0x08002474                FPU_IRQHandler
                0x08002474                GPDMA1_Channel3_IRQHandler
                0x08002474                GPDMA1_Channel7_IRQHandler
                0x08002474                MDF1_FLT4_IRQHandler
                0x08002474                FDCAN1_IT1_IRQHandler
                0x08002474                RAMCFG_IRQHandler
                0x08002474                GPDMA1_Channel9_IRQHandler
                0x08002474                DCACHE1_IRQHandler
                0x08002474                SPI1_IRQHandler
                0x08002474                OCTOSPI1_IRQHandler
                0x08002474                GPDMA1_Channel2_IRQHandler
                0x08002474                TIM8_UP_IRQHandler
                0x08002474                RCC_S_IRQHandler
                0x08002474                OCTOSPI2_IRQHandler
                0x08002474                SAI2_IRQHandler
                0x08002474                MDF1_FLT1_IRQHandler
                0x08002474                ADC1_IRQHandler
                0x08002474                MDF1_FLT5_IRQHandler
                0x08002474                EXTI15_IRQHandler
                0x08002474                TIM17_IRQHandler
                0x08002474                USART3_IRQHandler
                0x08002474                RTC_IRQHandler
                0x08002474                EXTI9_IRQHandler
                0x08002474                UART5_IRQHandler
                0x08002474                TIM4_IRQHandler
                0x08002474                I2C1_EV_IRQHandler
                0x08002474                GPDMA1_Channel12_IRQHandler
                0x08002474                GPDMA1_Channel1_IRQHandler
                0x08002474                TIM16_IRQHandler
                0x08002474                GPDMA1_Channel15_IRQHandler
                0x08002474                UART4_IRQHandler
                0x08002474                SecureFault_Handler
                0x08002474                TIM3_IRQHandler
                0x08002474                RCC_IRQHandler
                0x08002474                TIM1_TRG_COM_IRQHandler
                0x08002474                Default_Handler
                0x08002474                GPDMA1_Channel8_IRQHandler
                0x08002474                FMAC_IRQHandler
                0x08002474                GPDMA1_Channel11_IRQHandler
                0x08002474                TIM7_IRQHandler
                0x08002474                SDMMC1_IRQHandler
                0x08002474                TIM5_IRQHandler
                0x08002474                UCPD1_IRQHandler
                0x08002474                GPDMA1_Channel0_IRQHandler
                0x08002474                TIM15_IRQHandler
                0x08002474                I2C3_EV_IRQHandler
                0x08002474                LPDMA1_Channel0_IRQHandler
                0x08002474                PVD_PVM_IRQHandler
                0x08002474                SPI2_IRQHandler
                0x08002474                LPDMA1_Channel1_IRQHandler
                0x08002474                EXTI14_IRQHandler
                0x08002474                EXTI11_IRQHandler
                0x08002474                CRS_IRQHandler
                0x08002474                GPDMA1_Channel14_IRQHandler
                0x08002474                LSECSSD_IRQHandler
                0x08002474                EXTI4_IRQHandler
                0x08002474                RTC_S_IRQHandler
                0x08002474                GPDMA1_Channel13_IRQHandler
                0x08002474                RNG_IRQHandler
                0x08002474                COMP_IRQHandler
                0x08002474                TIM1_UP_IRQHandler
                0x08002474                ADC4_IRQHandler
                0x08002474                WWDG_IRQHandler
                0x08002474                I2C4_EV_IRQHandler
                0x08002474                ADF1_IRQHandler
                0x08002474                IWDG_IRQHandler
                0x08002474                LPUART1_IRQHandler
                0x08002474                MDF1_FLT0_IRQHandler
                0x08002474                FDCAN1_IT0_IRQHandler
                0x08002474                TIM2_IRQHandler
                0x08002474                GPDMA1_Channel4_IRQHandler
                0x08002474                EXTI7_IRQHandler
                0x08002474                DMA2D_IRQHandler
                0x08002474                TIM1_BRK_IRQHandler
                0x08002474                EXTI1_IRQHandler
                0x08002474                SDMMC2_IRQHandler
                0x08002474                DAC1_IRQHandler
                0x08002474                GTZC_IRQHandler
                0x08002474                MDF1_FLT3_IRQHandler
                0x08002474                USART2_IRQHandler
                0x08002474                GPDMA1_Channel6_IRQHandler
                0x08002474                I2C2_ER_IRQHandler
                0x08002474                TIM8_BRK_IRQHandler
                0x08002474                FLASH_IRQHandler
                0x08002474                USART1_IRQHandler
                0x08002474                EXTI10_IRQHandler
                0x08002474                OTG_FS_IRQHandler
                0x08002474                SPI3_IRQHandler
                0x08002474                LPDMA1_Channel2_IRQHandler
                0x08002474                I2C1_ER_IRQHandler
                0x08002474                FMC_IRQHandler
                0x08002474                EXTI6_IRQHandler
                0x08002474                LPTIM1_IRQHandler
                0x08002474                DCMI_PSSI_IRQHandler
                0x08002474                I2C4_ER_IRQHandler
                0x08002474                GPDMA1_Channel10_IRQHandler
                0x08002474                ICACHE_IRQHandler
                0x08002474                SAI1_IRQHandler
                0x08002474                HASH_IRQHandler
 *(.glue_7)
 .glue_7        0x08002476        0x0 linker stubs
 *(.glue_7t)
 .glue_7t       0x08002476        0x0 linker stubs
 *(.eh_frame)
 *fill*         0x08002476        0x2 
 .eh_frame      0x08002478        0x0 /usr/share/gcc-arm-none-eabi-13.2.rel1/bin/../lib/gcc/arm-none-eabi/13.2.1/thumb/v8-m.main+fp/hard/crtbegin.o
 *(.init)
 .init          0x08002478        0x4 /usr/share/gcc-arm-none-eabi-13.2.rel1/bin/../lib/gcc/arm-none-eabi/13.2.1/thumb/v8-m.main+fp/hard/crti.o
                0x08002478                _init
 .init          0x0800247c        0x8 /usr/share/gcc-arm-none-eabi-13.2.rel1/bin/../lib/gcc/arm-none-eabi/13.2.1/thumb/v8-m.main+fp/hard/crtn.o
 *(.fini)
 .fini          0x08002484        0x4 /usr/share/gcc-arm-none-eabi-13.2.rel1/bin/../lib/gcc/arm-none-eabi/13.2.1/thumb/v8-m.main+fp/hard/crti.o
                0x08002484                _fini
 .fini          0x08002488        0x8 /usr/share/gcc-arm-none-eabi-13.2.rel1/bin/../lib/gcc/arm-none-eabi/13.2.1/thumb/v8-m.main+fp/hard/crtn.o
                0x08002490                        . = ALIGN (0x8)
                0x08002490                        _etext = .

.vfp11_veneer   0x08002490        0x0
 .vfp11_veneer  0x08002490        0x0 linker stubs

.v4_bx          0x08002490        0x0
 .v4_bx         0x08002490        0x0 linker stubs

.iplt           0x08002490        0x0
 .iplt          0x08002490        0x0 /usr/share/gcc-arm-none-eabi-13.2.rel1/bin/../lib/gcc/arm-none-eabi/13.2.1/thumb/v8-m.main+fp/hard/crtbegin.o

.rodata         0x08002490       0xd0
                0x08002490                        . = ALIGN (0x8)
 *(.rodata)
 *(.rodata*)
 .rodata.AHBPrescTable
                0x08002490       0x10 cmake/stm32cubemx/CMakeFiles/STM32_Drivers.dir/__/__/Core/Src/system_stm32u5xx.c.obj
                0x08002490                AHBPrescTable
 .rodata.MSIRangeTable
                0x080024a0       0x40 cmake/stm32cubemx/CMakeFiles/STM32_Drivers.dir/__/__/Core/Src/system_stm32u5xx.c.obj
                0x080024a0                MSIRangeTable
 .rodata.LPGPIO_Map
                0x080024e0       0x80 cmake/stm32cubemx/CMakeFiles/STM32_Drivers.dir/__/__/Drivers/STM32U5xx_HAL_Driver/Src/stm32u5xx_hal_gpio.c.obj
                0x08002560                        . = ALIGN (0x8)

.ARM.extab      0x08002560        0x0
                0x08002560                        . = ALIGN (0x8)
 *(.ARM.extab* .gnu.linkonce.armextab.*)
                0x08002560                        . = ALIGN (0x8)

.ARM            0x08002560        0x0
                0x08002560                        . = ALIGN (0x8)
                0x08002560                        __exidx_start = .
 *(.ARM.exidx*)
                0x08002560                        __exidx_end = .
                0x08002560                        . = ALIGN (0x8)

.preinit_array  0x08002560        0x0
                0x08002560                        . = ALIGN (0x8)
                0x08002560                        PROVIDE (__preinit_array_start = .)
 *(.preinit_array*)
                0x08002560                        PROVIDE (__preinit_array_end = .)
                0x08002560                        . = ALIGN (0x8)

.init_array     0x08002560        0x8
                0x08002560                        . = ALIGN (0x8)
                0x08002560                        PROVIDE (__init_array_start = .)
 *(SORT_BY_NAME(.init_array.*))
 *(.init_array*)
 .init_array    0x08002560        0x4 /usr/share/gcc-arm-none-eabi-13.2.rel1/bin/../lib/gcc/arm-none-eabi/13.2.1/thumb/v8-m.main+fp/hard/crtbegin.o
                0x08002564                        PROVIDE (__init_array_end = .)
                0x08002568                        . = ALIGN (0x8)
 *fill*         0x08002564        0x4 

.fini_array     0x08002568        0x8
                0x08002568                        . = ALIGN (0x8)
                [!provide]                        PROVIDE (__fini_array_start = .)
 *(SORT_BY_NAME(.fini_array.*))
 *(.fini_array*)
 .fini_array    0x08002568        0x4 /usr/share/gcc-arm-none-eabi-13.2.rel1/bin/../lib/gcc/arm-none-eabi/13.2.1/thumb/v8-m.main+fp/hard/crtbegin.o
                [!provide]                        PROVIDE (__fini_array_end = .)
                0x08002570                        . = ALIGN (0x8)
 *fill*         0x0800256c        0x4 
                0x08002570                        _sidata = LOADADDR (.data)

.rel.dyn        0x08002570        0x0
 .rel.iplt      0x08002570        0x0 /usr/share/gcc-arm-none-eabi-13.2.rel1/bin/../lib/gcc/arm-none-eabi/13.2.1/thumb/v8-m.main+fp/hard/crtbegin.o

.data           0x20000000       0x10 load address 0x08002570
                0x20000000                        . = ALIGN (0x8)
                0x20000000                        _sdata = .
 *(.data)
 *(.data*)
 .data.SystemCoreClock
                0x20000000        0x4 cmake/stm32cubemx/CMakeFiles/STM32_Drivers.dir/__/__/Core/Src/system_stm32u5xx.c.obj
                0x20000000                SystemCoreClock
 .data.uwTickPrio
                0x20000004        0x4 cmake/stm32cubemx/CMakeFiles/STM32_Drivers.dir/__/__/Drivers/STM32U5xx_HAL_Driver/Src/stm32u5xx_hal.c.obj
                0x20000004                uwTickPrio
 .data.uwTickFreq
                0x20000008        0x1 cmake/stm32cubemx/CMakeFiles/STM32_Drivers.dir/__/__/Drivers/STM32U5xx_HAL_Driver/Src/stm32u5xx_hal.c.obj
                0x20000008                uwTickFreq
                0x20000010                        . = ALIGN (0x8)
 *fill*         0x20000009        0x7 
                0x20000010                        _edata = .

.tm_clone_table
                0x20000010        0x0 load address 0x08002580
 .tm_clone_table
                0x20000010        0x0 /usr/share/gcc-arm-none-eabi-13.2.rel1/bin/../lib/gcc/arm-none-eabi/13.2.1/thumb/v8-m.main+fp/hard/crtbegin.o
 .tm_clone_table
                0x20000010        0x0 /usr/share/gcc-arm-none-eabi-13.2.rel1/bin/../lib/gcc/arm-none-eabi/13.2.1/thumb/v8-m.main+fp/hard/crtend.o

.igot.plt       0x20000010        0x0 load address 0x08002580
 .igot.plt      0x20000010        0x0 /usr/share/gcc-arm-none-eabi-13.2.rel1/bin/../lib/gcc/arm-none-eabi/13.2.1/thumb/v8-m.main+fp/hard/crtbegin.o
                0x20000010                        . = ALIGN (0x8)

.bss            0x20000010       0x20 load address 0x08002580
                0x20000010                        _sbss = .
                0x20000010                        __bss_start__ = _sbss
 *(.bss)
 *(.bss*)
 .bss.completed.1
                0x20000010        0x1 /usr/share/gcc-arm-none-eabi-13.2.rel1/bin/../lib/gcc/arm-none-eabi/13.2.1/thumb/v8-m.main+fp/hard/crtbegin.o
 *fill*         0x20000011        0x3 
 .bss.object.0  0x20000014       0x18 /usr/share/gcc-arm-none-eabi-13.2.rel1/bin/../lib/gcc/arm-none-eabi/13.2.1/thumb/v8-m.main+fp/hard/crtbegin.o
 .bss.uwTick    0x2000002c        0x4 cmake/stm32cubemx/CMakeFiles/STM32_Drivers.dir/__/__/Drivers/STM32U5xx_HAL_Driver/Src/stm32u5xx_hal.c.obj
                0x2000002c                uwTick
 *(COMMON)
                0x20000030                        . = ALIGN (0x8)
                0x20000030                        _ebss = .
                0x20000030                        __bss_end__ = _ebss

._user_heap_stack
                0x20000030      0x600 load address 0x08002580
                0x20000030                        . = ALIGN (0x8)
                [!provide]                        PROVIDE (end = .)
                0x20000030                        PROVIDE (_end = .)
                0x20000230                        . = (. + _Min_Heap_Size)
 *fill*         0x20000030      0x200 
                0x20000630                        . = (. + _Min_Stack_Size)
 *fill*         0x20000230      0x400 
                0x20000630                        . = ALIGN (0x8)

/DISCARD/
 libc.a(*)
 libm.a(*)
 libgcc.a(*)

.ARM.attributes
                0x00000000       0x36
 *(.ARM.attributes)
 .ARM.attributes
                0x00000000       0x26 /usr/share/gcc-arm-none-eabi-13.2.rel1/bin/../lib/gcc/arm-none-eabi/13.2.1/thumb/v8-m.main+fp/hard/crti.o
 .ARM.attributes
                0x00000026       0x38 /usr/share/gcc-arm-none-eabi-13.2.rel1/bin/../lib/gcc/arm-none-eabi/13.2.1/thumb/v8-m.main+fp/hard/crtbegin.o
 .ARM.attributes
                0x0000005e       0x38 /usr/share/gcc-arm-none-eabi-13.2.rel1/bin/../lib/gcc/arm-none-eabi/13.2.1/../../../../arm-none-eabi/lib/thumb/v8-m.main+fp/hard/libc_nano.a(libc_a-init.o)
 .ARM.attributes
                0x00000096       0x38 /usr/share/gcc-arm-none-eabi-13.2.rel1/bin/../lib/gcc/arm-none-eabi/13.2.1/../../../../arm-none-eabi/lib/thumb/v8-m.main+fp/hard/libc_nano.a(libc_a-memset.o)
 .ARM.attributes
                0x000000ce       0x3a cmake/stm32cubemx/CMakeFiles/STM32_Drivers.dir/__/__/Core/Src/system_stm32u5xx.c.obj
 .ARM.attributes
                0x00000108       0x3a cmake/stm32cubemx/CMakeFiles/STM32_Drivers.dir/__/__/Drivers/STM32U5xx_HAL_Driver/Src/stm32u5xx_hal_cortex.c.obj
 .ARM.attributes
                0x00000142       0x3a cmake/stm32cubemx/CMakeFiles/STM32_Drivers.dir/__/__/Drivers/STM32U5xx_HAL_Driver/Src/stm32u5xx_hal.c.obj
 .ARM.attributes
                0x0000017c       0x3a cmake/stm32cubemx/CMakeFiles/STM32_Drivers.dir/__/__/Drivers/STM32U5xx_HAL_Driver/Src/stm32u5xx_hal_rcc.c.obj
 .ARM.attributes
                0x000001b6       0x3a cmake/stm32cubemx/CMakeFiles/STM32_Drivers.dir/__/__/Drivers/STM32U5xx_HAL_Driver/Src/stm32u5xx_hal_gpio.c.obj
 .ARM.attributes
                0x000001f0       0x3a cmake/stm32cubemx/CMakeFiles/STM32_Drivers.dir/__/__/Drivers/STM32U5xx_HAL_Driver/Src/stm32u5xx_hal_pwr_ex.c.obj
 .ARM.attributes
                0x0000022a       0x3a CMakeFiles/test_04-04-2025.dir/Core/Src/main.c.obj
 .ARM.attributes
                0x00000264       0x3a CMakeFiles/test_04-04-2025.dir/Core/Src/stm32u5xx_it.c.obj
 .ARM.attributes
                0x0000029e       0x3a CMakeFiles/test_04-04-2025.dir/Core/Src/stm32u5xx_hal_msp.c.obj
 .ARM.attributes
                0x000002d8       0x24 CMakeFiles/test_04-04-2025.dir/startup_stm32u575xx.s.obj
 .ARM.attributes
                0x000002fc       0x38 /usr/share/gcc-arm-none-eabi-13.2.rel1/bin/../lib/gcc/arm-none-eabi/13.2.1/thumb/v8-m.main+fp/hard/crtend.o
 .ARM.attributes
                0x00000334       0x26 /usr/share/gcc-arm-none-eabi-13.2.rel1/bin/../lib/gcc/arm-none-eabi/13.2.1/thumb/v8-m.main+fp/hard/crtn.o
OUTPUT(test_04-04-2025.elf elf32-littlearm)
LOAD linker stubs
LOAD /usr/share/gcc-arm-none-eabi-13.2.rel1/bin/../lib/gcc/arm-none-eabi/13.2.1/../../../../arm-none-eabi/lib/thumb/v8-m.main+fp/hard/libc.a
LOAD /usr/share/gcc-arm-none-eabi-13.2.rel1/bin/../lib/gcc/arm-none-eabi/13.2.1/../../../../arm-none-eabi/lib/thumb/v8-m.main+fp/hard/libm.a
LOAD /usr/share/gcc-arm-none-eabi-13.2.rel1/bin/../lib/gcc/arm-none-eabi/13.2.1/thumb/v8-m.main+fp/hard/libgcc.a

.debug_frame    0x00000000     0x198c
 .debug_frame   0x00000000       0x2c /usr/share/gcc-arm-none-eabi-13.2.rel1/bin/../lib/gcc/arm-none-eabi/13.2.1/../../../../arm-none-eabi/lib/thumb/v8-m.main+fp/hard/libc_nano.a(libc_a-init.o)
 .debug_frame   0x0000002c       0x20 /usr/share/gcc-arm-none-eabi-13.2.rel1/bin/../lib/gcc/arm-none-eabi/13.2.1/../../../../arm-none-eabi/lib/thumb/v8-m.main+fp/hard/libc_nano.a(libc_a-memset.o)
 .debug_frame   0x0000004c       0x58 cmake/stm32cubemx/CMakeFiles/STM32_Drivers.dir/__/__/Core/Src/system_stm32u5xx.c.obj
 .debug_frame   0x000000a4      0x560 cmake/stm32cubemx/CMakeFiles/STM32_Drivers.dir/__/__/Drivers/STM32U5xx_HAL_Driver/Src/stm32u5xx_hal_cortex.c.obj
 .debug_frame   0x00000604      0x500 cmake/stm32cubemx/CMakeFiles/STM32_Drivers.dir/__/__/Drivers/STM32U5xx_HAL_Driver/Src/stm32u5xx_hal.c.obj
 .debug_frame   0x00000b04      0x288 cmake/stm32cubemx/CMakeFiles/STM32_Drivers.dir/__/__/Drivers/STM32U5xx_HAL_Driver/Src/stm32u5xx_hal_rcc.c.obj
 .debug_frame   0x00000d8c      0x1ec cmake/stm32cubemx/CMakeFiles/STM32_Drivers.dir/__/__/Drivers/STM32U5xx_HAL_Driver/Src/stm32u5xx_hal_gpio.c.obj
 .debug_frame   0x00000f78      0x84c cmake/stm32cubemx/CMakeFiles/STM32_Drivers.dir/__/__/Drivers/STM32U5xx_HAL_Driver/Src/stm32u5xx_hal_pwr_ex.c.obj
 .debug_frame   0x000017c4       0x90 CMakeFiles/test_04-04-2025.dir/Core/Src/main.c.obj
 .debug_frame   0x00001854      0x104 CMakeFiles/test_04-04-2025.dir/Core/Src/stm32u5xx_it.c.obj
 .debug_frame   0x00001958       0x34 CMakeFiles/test_04-04-2025.dir/Core/Src/stm32u5xx_hal_msp.c.obj

.debug_info     0x00000000     0x67bc
 .debug_info    0x00000000      0x929 cmake/stm32cubemx/CMakeFiles/STM32_Drivers.dir/__/__/Core/Src/system_stm32u5xx.c.obj
 .debug_info    0x00000929     0x163a cmake/stm32cubemx/CMakeFiles/STM32_Drivers.dir/__/__/Drivers/STM32U5xx_HAL_Driver/Src/stm32u5xx_hal_cortex.c.obj
 .debug_info    0x00001f63     0x11dd cmake/stm32cubemx/CMakeFiles/STM32_Drivers.dir/__/__/Drivers/STM32U5xx_HAL_Driver/Src/stm32u5xx_hal.c.obj
 .debug_info    0x00003140     0x11f0 cmake/stm32cubemx/CMakeFiles/STM32_Drivers.dir/__/__/Drivers/STM32U5xx_HAL_Driver/Src/stm32u5xx_hal_rcc.c.obj
 .debug_info    0x00004330      0x859 cmake/stm32cubemx/CMakeFiles/STM32_Drivers.dir/__/__/Drivers/STM32U5xx_HAL_Driver/Src/stm32u5xx_hal_gpio.c.obj
 .debug_info    0x00004b89      0xe3e cmake/stm32cubemx/CMakeFiles/STM32_Drivers.dir/__/__/Drivers/STM32U5xx_HAL_Driver/Src/stm32u5xx_hal_pwr_ex.c.obj
 .debug_info    0x000059c7      0x888 CMakeFiles/test_04-04-2025.dir/Core/Src/main.c.obj
 .debug_info    0x0000624f      0x128 CMakeFiles/test_04-04-2025.dir/Core/Src/stm32u5xx_it.c.obj
 .debug_info    0x00006377      0x415 CMakeFiles/test_04-04-2025.dir/Core/Src/stm32u5xx_hal_msp.c.obj
 .debug_info    0x0000678c       0x30 CMakeFiles/test_04-04-2025.dir/startup_stm32u575xx.s.obj

.debug_abbrev   0x00000000     0x11b0
 .debug_abbrev  0x00000000      0x129 cmake/stm32cubemx/CMakeFiles/STM32_Drivers.dir/__/__/Core/Src/system_stm32u5xx.c.obj
 .debug_abbrev  0x00000129      0x311 cmake/stm32cubemx/CMakeFiles/STM32_Drivers.dir/__/__/Drivers/STM32U5xx_HAL_Driver/Src/stm32u5xx_hal_cortex.c.obj
 .debug_abbrev  0x0000043a      0x2a5 cmake/stm32cubemx/CMakeFiles/STM32_Drivers.dir/__/__/Drivers/STM32U5xx_HAL_Driver/Src/stm32u5xx_hal.c.obj
 .debug_abbrev  0x000006df      0x2cb cmake/stm32cubemx/CMakeFiles/STM32_Drivers.dir/__/__/Drivers/STM32U5xx_HAL_Driver/Src/stm32u5xx_hal_rcc.c.obj
 .debug_abbrev  0x000009aa      0x25a cmake/stm32cubemx/CMakeFiles/STM32_Drivers.dir/__/__/Drivers/STM32U5xx_HAL_Driver/Src/stm32u5xx_hal_gpio.c.obj
 .debug_abbrev  0x00000c04      0x215 cmake/stm32cubemx/CMakeFiles/STM32_Drivers.dir/__/__/Drivers/STM32U5xx_HAL_Driver/Src/stm32u5xx_hal_pwr_ex.c.obj
 .debug_abbrev  0x00000e19      0x20f CMakeFiles/test_04-04-2025.dir/Core/Src/main.c.obj
 .debug_abbrev  0x00001028       0x73 CMakeFiles/test_04-04-2025.dir/Core/Src/stm32u5xx_it.c.obj
 .debug_abbrev  0x0000109b       0xf1 CMakeFiles/test_04-04-2025.dir/Core/Src/stm32u5xx_hal_msp.c.obj
 .debug_abbrev  0x0000118c       0x24 CMakeFiles/test_04-04-2025.dir/startup_stm32u575xx.s.obj

.debug_aranges  0x00000000      0x6b0
 .debug_aranges
                0x00000000       0x28 cmake/stm32cubemx/CMakeFiles/STM32_Drivers.dir/__/__/Core/Src/system_stm32u5xx.c.obj
 .debug_aranges
                0x00000028      0x140 cmake/stm32cubemx/CMakeFiles/STM32_Drivers.dir/__/__/Drivers/STM32U5xx_HAL_Driver/Src/stm32u5xx_hal_cortex.c.obj
 .debug_aranges
                0x00000168      0x148 cmake/stm32cubemx/CMakeFiles/STM32_Drivers.dir/__/__/Drivers/STM32U5xx_HAL_Driver/Src/stm32u5xx_hal.c.obj
 .debug_aranges
                0x000002b0       0xa8 cmake/stm32cubemx/CMakeFiles/STM32_Drivers.dir/__/__/Drivers/STM32U5xx_HAL_Driver/Src/stm32u5xx_hal_rcc.c.obj
 .debug_aranges
                0x00000358       0x78 cmake/stm32cubemx/CMakeFiles/STM32_Drivers.dir/__/__/Drivers/STM32U5xx_HAL_Driver/Src/stm32u5xx_hal_gpio.c.obj
 .debug_aranges
                0x000003d0      0x200 cmake/stm32cubemx/CMakeFiles/STM32_Drivers.dir/__/__/Drivers/STM32U5xx_HAL_Driver/Src/stm32u5xx_hal_pwr_ex.c.obj
 .debug_aranges
                0x000005d0       0x38 CMakeFiles/test_04-04-2025.dir/Core/Src/main.c.obj
 .debug_aranges
                0x00000608       0x60 CMakeFiles/test_04-04-2025.dir/Core/Src/stm32u5xx_it.c.obj
 .debug_aranges
                0x00000668       0x20 CMakeFiles/test_04-04-2025.dir/Core/Src/stm32u5xx_hal_msp.c.obj
 .debug_aranges
                0x00000688       0x28 CMakeFiles/test_04-04-2025.dir/startup_stm32u575xx.s.obj

.debug_rnglists
                0x00000000      0x4ed
 .debug_rnglists
                0x00000000       0x1a cmake/stm32cubemx/CMakeFiles/STM32_Drivers.dir/__/__/Core/Src/system_stm32u5xx.c.obj
 .debug_rnglists
                0x0000001a       0xec cmake/stm32cubemx/CMakeFiles/STM32_Drivers.dir/__/__/Drivers/STM32U5xx_HAL_Driver/Src/stm32u5xx_hal_cortex.c.obj
 .debug_rnglists
                0x00000106       0xf3 cmake/stm32cubemx/CMakeFiles/STM32_Drivers.dir/__/__/Drivers/STM32U5xx_HAL_Driver/Src/stm32u5xx_hal.c.obj
 .debug_rnglists
                0x000001f9       0x7f cmake/stm32cubemx/CMakeFiles/STM32_Drivers.dir/__/__/Drivers/STM32U5xx_HAL_Driver/Src/stm32u5xx_hal_rcc.c.obj
 .debug_rnglists
                0x00000278       0x5a cmake/stm32cubemx/CMakeFiles/STM32_Drivers.dir/__/__/Drivers/STM32U5xx_HAL_Driver/Src/stm32u5xx_hal_gpio.c.obj
 .debug_rnglists
                0x000002d2      0x186 cmake/stm32cubemx/CMakeFiles/STM32_Drivers.dir/__/__/Drivers/STM32U5xx_HAL_Driver/Src/stm32u5xx_hal_pwr_ex.c.obj
 .debug_rnglists
                0x00000458       0x26 CMakeFiles/test_04-04-2025.dir/Core/Src/main.c.obj
 .debug_rnglists
                0x0000047e       0x43 CMakeFiles/test_04-04-2025.dir/Core/Src/stm32u5xx_it.c.obj
 .debug_rnglists
                0x000004c1       0x13 CMakeFiles/test_04-04-2025.dir/Core/Src/stm32u5xx_hal_msp.c.obj
 .debug_rnglists
                0x000004d4       0x19 CMakeFiles/test_04-04-2025.dir/startup_stm32u575xx.s.obj

.debug_macro    0x00000000    0x2f3d5
 .debug_macro   0x00000000      0x23d cmake/stm32cubemx/CMakeFiles/STM32_Drivers.dir/__/__/Core/Src/system_stm32u5xx.c.obj
 .debug_macro   0x0000023d      0xade cmake/stm32cubemx/CMakeFiles/STM32_Drivers.dir/__/__/Core/Src/system_stm32u5xx.c.obj
 .debug_macro   0x00000d1b       0x2e cmake/stm32cubemx/CMakeFiles/STM32_Drivers.dir/__/__/Core/Src/system_stm32u5xx.c.obj
 .debug_macro   0x00000d49       0x42 cmake/stm32cubemx/CMakeFiles/STM32_Drivers.dir/__/__/Core/Src/system_stm32u5xx.c.obj
 .debug_macro   0x00000d8b       0x22 cmake/stm32cubemx/CMakeFiles/STM32_Drivers.dir/__/__/Core/Src/system_stm32u5xx.c.obj
 .debug_macro   0x00000dad       0x8e cmake/stm32cubemx/CMakeFiles/STM32_Drivers.dir/__/__/Core/Src/system_stm32u5xx.c.obj
 .debug_macro   0x00000e3b       0x51 cmake/stm32cubemx/CMakeFiles/STM32_Drivers.dir/__/__/Core/Src/system_stm32u5xx.c.obj
 .debug_macro   0x00000e8c      0x103 cmake/stm32cubemx/CMakeFiles/STM32_Drivers.dir/__/__/Core/Src/system_stm32u5xx.c.obj
 .debug_macro   0x00000f8f       0x6a cmake/stm32cubemx/CMakeFiles/STM32_Drivers.dir/__/__/Core/Src/system_stm32u5xx.c.obj
 .debug_macro   0x00000ff9      0x1df cmake/stm32cubemx/CMakeFiles/STM32_Drivers.dir/__/__/Core/Src/system_stm32u5xx.c.obj
 .debug_macro   0x000011d8       0x1c cmake/stm32cubemx/CMakeFiles/STM32_Drivers.dir/__/__/Core/Src/system_stm32u5xx.c.obj
 .debug_macro   0x000011f4       0x29 cmake/stm32cubemx/CMakeFiles/STM32_Drivers.dir/__/__/Core/Src/system_stm32u5xx.c.obj
 .debug_macro   0x0000121d       0xfb cmake/stm32cubemx/CMakeFiles/STM32_Drivers.dir/__/__/Core/Src/system_stm32u5xx.c.obj
 .debug_macro   0x00001318     0x1685 cmake/stm32cubemx/CMakeFiles/STM32_Drivers.dir/__/__/Core/Src/system_stm32u5xx.c.obj
 .debug_macro   0x0000299d       0x5e cmake/stm32cubemx/CMakeFiles/STM32_Drivers.dir/__/__/Core/Src/system_stm32u5xx.c.obj
 .debug_macro   0x000029fb    0x2279e cmake/stm32cubemx/CMakeFiles/STM32_Drivers.dir/__/__/Core/Src/system_stm32u5xx.c.obj
 .debug_macro   0x00025199       0x6d cmake/stm32cubemx/CMakeFiles/STM32_Drivers.dir/__/__/Core/Src/system_stm32u5xx.c.obj
 .debug_macro   0x00025206      0x1ef cmake/stm32cubemx/CMakeFiles/STM32_Drivers.dir/__/__/Core/Src/system_stm32u5xx.c.obj
 .debug_macro   0x000253f5     0x393e cmake/stm32cubemx/CMakeFiles/STM32_Drivers.dir/__/__/Core/Src/system_stm32u5xx.c.obj
 .debug_macro   0x00028d33      0x190 cmake/stm32cubemx/CMakeFiles/STM32_Drivers.dir/__/__/Core/Src/system_stm32u5xx.c.obj
 .debug_macro   0x00028ec3       0x7b cmake/stm32cubemx/CMakeFiles/STM32_Drivers.dir/__/__/Core/Src/system_stm32u5xx.c.obj
 .debug_macro   0x00028f3e       0x2a cmake/stm32cubemx/CMakeFiles/STM32_Drivers.dir/__/__/Core/Src/system_stm32u5xx.c.obj
 .debug_macro   0x00028f68       0x3c cmake/stm32cubemx/CMakeFiles/STM32_Drivers.dir/__/__/Core/Src/system_stm32u5xx.c.obj
 .debug_macro   0x00028fa4       0x34 cmake/stm32cubemx/CMakeFiles/STM32_Drivers.dir/__/__/Core/Src/system_stm32u5xx.c.obj
 .debug_macro   0x00028fd8      0x370 cmake/stm32cubemx/CMakeFiles/STM32_Drivers.dir/__/__/Core/Src/system_stm32u5xx.c.obj
 .debug_macro   0x00029348       0x16 cmake/stm32cubemx/CMakeFiles/STM32_Drivers.dir/__/__/Core/Src/system_stm32u5xx.c.obj
 .debug_macro   0x0002935e       0x4a cmake/stm32cubemx/CMakeFiles/STM32_Drivers.dir/__/__/Core/Src/system_stm32u5xx.c.obj
 .debug_macro   0x000293a8       0x34 cmake/stm32cubemx/CMakeFiles/STM32_Drivers.dir/__/__/Core/Src/system_stm32u5xx.c.obj
 .debug_macro   0x000293dc       0x10 cmake/stm32cubemx/CMakeFiles/STM32_Drivers.dir/__/__/Core/Src/system_stm32u5xx.c.obj
 .debug_macro   0x000293ec       0x58 cmake/stm32cubemx/CMakeFiles/STM32_Drivers.dir/__/__/Core/Src/system_stm32u5xx.c.obj
 .debug_macro   0x00029444      0x1de cmake/stm32cubemx/CMakeFiles/STM32_Drivers.dir/__/__/Core/Src/system_stm32u5xx.c.obj
 .debug_macro   0x00029622      0x19b cmake/stm32cubemx/CMakeFiles/STM32_Drivers.dir/__/__/Core/Src/system_stm32u5xx.c.obj
 .debug_macro   0x000297bd       0x5d cmake/stm32cubemx/CMakeFiles/STM32_Drivers.dir/__/__/Core/Src/system_stm32u5xx.c.obj
 .debug_macro   0x0002981a     0x1ae5 cmake/stm32cubemx/CMakeFiles/STM32_Drivers.dir/__/__/Core/Src/system_stm32u5xx.c.obj
 .debug_macro   0x0002b2ff      0x7dc cmake/stm32cubemx/CMakeFiles/STM32_Drivers.dir/__/__/Core/Src/system_stm32u5xx.c.obj
 .debug_macro   0x0002badb      0x166 cmake/stm32cubemx/CMakeFiles/STM32_Drivers.dir/__/__/Core/Src/system_stm32u5xx.c.obj
 .debug_macro   0x0002bc41      0x2aa cmake/stm32cubemx/CMakeFiles/STM32_Drivers.dir/__/__/Core/Src/system_stm32u5xx.c.obj
 .debug_macro   0x0002beeb      0x5a5 cmake/stm32cubemx/CMakeFiles/STM32_Drivers.dir/__/__/Core/Src/system_stm32u5xx.c.obj
 .debug_macro   0x0002c490      0x439 cmake/stm32cubemx/CMakeFiles/STM32_Drivers.dir/__/__/Core/Src/system_stm32u5xx.c.obj
 .debug_macro   0x0002c8c9       0xd6 cmake/stm32cubemx/CMakeFiles/STM32_Drivers.dir/__/__/Core/Src/system_stm32u5xx.c.obj
 .debug_macro   0x0002c99f      0x1cd cmake/stm32cubemx/CMakeFiles/STM32_Drivers.dir/__/__/Core/Src/system_stm32u5xx.c.obj
 .debug_macro   0x0002cb6c      0x432 cmake/stm32cubemx/CMakeFiles/STM32_Drivers.dir/__/__/Core/Src/system_stm32u5xx.c.obj
 .debug_macro   0x0002cf9e       0x95 cmake/stm32cubemx/CMakeFiles/STM32_Drivers.dir/__/__/Core/Src/system_stm32u5xx.c.obj
 .debug_macro   0x0002d033      0x11c cmake/stm32cubemx/CMakeFiles/STM32_Drivers.dir/__/__/Core/Src/system_stm32u5xx.c.obj
 .debug_macro   0x0002d14f      0x525 cmake/stm32cubemx/CMakeFiles/STM32_Drivers.dir/__/__/Core/Src/system_stm32u5xx.c.obj
 .debug_macro   0x0002d674      0x4bf cmake/stm32cubemx/CMakeFiles/STM32_Drivers.dir/__/__/Core/Src/system_stm32u5xx.c.obj
 .debug_macro   0x0002db33      0x1c0 cmake/stm32cubemx/CMakeFiles/STM32_Drivers.dir/__/__/Core/Src/system_stm32u5xx.c.obj
 .debug_macro   0x0002dcf3      0x361 cmake/stm32cubemx/CMakeFiles/STM32_Drivers.dir/__/__/Core/Src/system_stm32u5xx.c.obj
 .debug_macro   0x0002e054      0x236 cmake/stm32cubemx/CMakeFiles/STM32_Drivers.dir/__/__/Drivers/STM32U5xx_HAL_Driver/Src/stm32u5xx_hal_cortex.c.obj
 .debug_macro   0x0002e28a      0x25a cmake/stm32cubemx/CMakeFiles/STM32_Drivers.dir/__/__/Drivers/STM32U5xx_HAL_Driver/Src/stm32u5xx_hal.c.obj
 .debug_macro   0x0002e4e4      0x33c cmake/stm32cubemx/CMakeFiles/STM32_Drivers.dir/__/__/Drivers/STM32U5xx_HAL_Driver/Src/stm32u5xx_hal_rcc.c.obj
 .debug_macro   0x0002e820      0x26b cmake/stm32cubemx/CMakeFiles/STM32_Drivers.dir/__/__/Drivers/STM32U5xx_HAL_Driver/Src/stm32u5xx_hal_gpio.c.obj
 .debug_macro   0x0002ea8b      0x261 cmake/stm32cubemx/CMakeFiles/STM32_Drivers.dir/__/__/Drivers/STM32U5xx_HAL_Driver/Src/stm32u5xx_hal_pwr_ex.c.obj
 .debug_macro   0x0002ecec      0x245 CMakeFiles/test_04-04-2025.dir/Core/Src/main.c.obj
 .debug_macro   0x0002ef31       0x10 CMakeFiles/test_04-04-2025.dir/Core/Src/main.c.obj
 .debug_macro   0x0002ef41      0x24f CMakeFiles/test_04-04-2025.dir/Core/Src/stm32u5xx_it.c.obj
 .debug_macro   0x0002f190      0x245 CMakeFiles/test_04-04-2025.dir/Core/Src/stm32u5xx_hal_msp.c.obj

.debug_line     0x00000000     0x6247
 .debug_line    0x00000000      0x717 cmake/stm32cubemx/CMakeFiles/STM32_Drivers.dir/__/__/Core/Src/system_stm32u5xx.c.obj
 .debug_line    0x00000717      0xc68 cmake/stm32cubemx/CMakeFiles/STM32_Drivers.dir/__/__/Drivers/STM32U5xx_HAL_Driver/Src/stm32u5xx_hal_cortex.c.obj
 .debug_line    0x0000137f      0xab8 cmake/stm32cubemx/CMakeFiles/STM32_Drivers.dir/__/__/Drivers/STM32U5xx_HAL_Driver/Src/stm32u5xx_hal.c.obj
 .debug_line    0x00001e37     0x14a5 cmake/stm32cubemx/CMakeFiles/STM32_Drivers.dir/__/__/Drivers/STM32U5xx_HAL_Driver/Src/stm32u5xx_hal_rcc.c.obj
 .debug_line    0x000032dc      0xbb7 cmake/stm32cubemx/CMakeFiles/STM32_Drivers.dir/__/__/Drivers/STM32U5xx_HAL_Driver/Src/stm32u5xx_hal_gpio.c.obj
 .debug_line    0x00003e93      0xf93 cmake/stm32cubemx/CMakeFiles/STM32_Drivers.dir/__/__/Drivers/STM32U5xx_HAL_Driver/Src/stm32u5xx_hal_pwr_ex.c.obj
 .debug_line    0x00004e26      0x6cf CMakeFiles/test_04-04-2025.dir/Core/Src/main.c.obj
 .debug_line    0x000054f5      0x6c4 CMakeFiles/test_04-04-2025.dir/Core/Src/stm32u5xx_it.c.obj
 .debug_line    0x00005bb9      0x615 CMakeFiles/test_04-04-2025.dir/Core/Src/stm32u5xx_hal_msp.c.obj
 .debug_line    0x000061ce       0x79 CMakeFiles/test_04-04-2025.dir/startup_stm32u575xx.s.obj

.debug_str      0x00000000   0x1283e0
 .debug_str     0x00000000   0x1283e0 cmake/stm32cubemx/CMakeFiles/STM32_Drivers.dir/__/__/Core/Src/system_stm32u5xx.c.obj
                             0x1257f5 (size before relaxing)
 .debug_str     0x001283e0   0x12643a cmake/stm32cubemx/CMakeFiles/STM32_Drivers.dir/__/__/Drivers/STM32U5xx_HAL_Driver/Src/stm32u5xx_hal_cortex.c.obj
 .debug_str     0x001283e0   0x12665a cmake/stm32cubemx/CMakeFiles/STM32_Drivers.dir/__/__/Drivers/STM32U5xx_HAL_Driver/Src/stm32u5xx_hal.c.obj
 .debug_str     0x001283e0   0x126eea cmake/stm32cubemx/CMakeFiles/STM32_Drivers.dir/__/__/Drivers/STM32U5xx_HAL_Driver/Src/stm32u5xx_hal_rcc.c.obj
 .debug_str     0x001283e0   0x12581a cmake/stm32cubemx/CMakeFiles/STM32_Drivers.dir/__/__/Drivers/STM32U5xx_HAL_Driver/Src/stm32u5xx_hal_gpio.c.obj
 .debug_str     0x001283e0   0x125f35 cmake/stm32cubemx/CMakeFiles/STM32_Drivers.dir/__/__/Drivers/STM32U5xx_HAL_Driver/Src/stm32u5xx_hal_pwr_ex.c.obj
 .debug_str     0x001283e0   0x1259a1 CMakeFiles/test_04-04-2025.dir/Core/Src/main.c.obj
 .debug_str     0x001283e0   0x1254c8 CMakeFiles/test_04-04-2025.dir/Core/Src/stm32u5xx_it.c.obj
 .debug_str     0x001283e0   0x125692 CMakeFiles/test_04-04-2025.dir/Core/Src/stm32u5xx_hal_msp.c.obj
 .debug_str     0x001283e0       0x9e CMakeFiles/test_04-04-2025.dir/startup_stm32u575xx.s.obj

.comment        0x00000000       0x44
 .comment       0x00000000       0x44 cmake/stm32cubemx/CMakeFiles/STM32_Drivers.dir/__/__/Core/Src/system_stm32u5xx.c.obj
                                 0x45 (size before relaxing)
 .comment       0x00000044       0x45 cmake/stm32cubemx/CMakeFiles/STM32_Drivers.dir/__/__/Drivers/STM32U5xx_HAL_Driver/Src/stm32u5xx_hal_cortex.c.obj
 .comment       0x00000044       0x45 cmake/stm32cubemx/CMakeFiles/STM32_Drivers.dir/__/__/Drivers/STM32U5xx_HAL_Driver/Src/stm32u5xx_hal.c.obj
 .comment       0x00000044       0x45 cmake/stm32cubemx/CMakeFiles/STM32_Drivers.dir/__/__/Drivers/STM32U5xx_HAL_Driver/Src/stm32u5xx_hal_rcc.c.obj
 .comment       0x00000044       0x45 cmake/stm32cubemx/CMakeFiles/STM32_Drivers.dir/__/__/Drivers/STM32U5xx_HAL_Driver/Src/stm32u5xx_hal_gpio.c.obj
 .comment       0x00000044       0x45 cmake/stm32cubemx/CMakeFiles/STM32_Drivers.dir/__/__/Drivers/STM32U5xx_HAL_Driver/Src/stm32u5xx_hal_pwr_ex.c.obj
 .comment       0x00000044       0x45 CMakeFiles/test_04-04-2025.dir/Core/Src/main.c.obj
 .comment       0x00000044       0x45 CMakeFiles/test_04-04-2025.dir/Core/Src/stm32u5xx_it.c.obj
 .comment       0x00000044       0x45 CMakeFiles/test_04-04-2025.dir/Core/Src/stm32u5xx_hal_msp.c.obj

.debug_line_str
                0x00000000       0x82
 .debug_line_str
                0x00000000       0x82 CMakeFiles/test_04-04-2025.dir/startup_stm32u575xx.s.obj
